
> hivarium-operator-console@0.1.0 typecheck
> tsc --noEmit

src/app/router.tsx(44,27): error TS2739: Type 'LocalStorageRepository' is missing the following properties from type 'HiveRepository': listLedgerTransactions, getTokenBalance, getPrepaidSnapshot, addCreditGrant, updateWarningThreshold
src/app/router.tsx(52,27): error TS2739: Type 'LocalStorageRepository' is missing the following properties from type 'HiveRepository': listLedgerTransactions, getTokenBalance, getPrepaidSnapshot, addCreditGrant, updateWarningThreshold
src/app/router.tsx(60,27): error TS2739: Type 'LocalStorageRepository' is missing the following properties from type 'HiveRepository': listLedgerTransactions, getTokenBalance, getPrepaidSnapshot, addCreditGrant, updateWarningThreshold
src/app/router.tsx(68,27): error TS2739: Type 'LocalStorageRepository' is missing the following properties from type 'HiveRepository': listLedgerTransactions, getTokenBalance, getPrepaidSnapshot, addCreditGrant, updateWarningThreshold
src/app/router.tsx(76,27): error TS2739: Type 'LocalStorageRepository' is missing the following properties from type 'HiveRepository': listLedgerTransactions, getTokenBalance, getPrepaidSnapshot, addCreditGrant, updateWarningThreshold
src/app/router.tsx(84,27): error TS2739: Type 'LocalStorageRepository' is missing the following properties from type 'HiveRepository': listLedgerTransactions, getTokenBalance, getPrepaidSnapshot, addCreditGrant, updateWarningThreshold
src/app/router.tsx(92,27): error TS2739: Type 'LocalStorageRepository' is missing the following properties from type 'HiveRepository': listLedgerTransactions, getTokenBalance, getPrepaidSnapshot, addCreditGrant, updateWarningThreshold
src/app/router.tsx(100,27): error TS2739: Type 'LocalStorageRepository' is missing the following properties from type 'HiveRepository': listLedgerTransactions, getTokenBalance, getPrepaidSnapshot, addCreditGrant, updateWarningThreshold
src/app/router.tsx(108,27): error TS2739: Type 'LocalStorageRepository' is missing the following properties from type 'HiveRepository': listLedgerTransactions, getTokenBalance, getPrepaidSnapshot, addCreditGrant, updateWarningThreshold
src/data/local-storage-repository.ts(404,3): error TS2739: Type '{ schemaVersion: 3; customers: Customer[]; featureEntitlements: FeatureEntitlement[]; agentProducts: AgentProduct[]; commercialArrangements: CommercialArrangement[]; agentAccessGrants: AgentAccessGrant[]; activityEvents: ActivityEvent[]; }' is missing the following properties from type 'DataStore': ledgerTransactions, usageRecords
src/data/local-storage-repository.ts(474,3): error TS2739: Type '{ schemaVersion: 3; customers: Customer[]; featureEntitlements: FeatureEntitlement[]; agentProducts: AgentProduct[]; commercialArrangements: CommercialArrangement[]; agentAccessGrants: AgentAccessGrant[]; activityEvents: ActivityEvent[]; }' is missing the following properties from type 'DataStore': ledgerTransactions, usageRecords
src/data/local-storage-repository.ts(560,14): error TS2420: Class 'LocalStorageRepository' incorrectly implements interface 'HiveRepository'.
  Type 'LocalStorageRepository' is missing the following properties from type 'HiveRepository': listLedgerTransactions, getTokenBalance, getPrepaidSnapshot, addCreditGrant, updateWarningThreshold
src/data/repository-context.tsx(25,13): error TS2739: Type 'LocalStorageRepository' is missing the following properties from type 'HiveRepository': listLedgerTransactions, getTokenBalance, getPrepaidSnapshot, addCreditGrant, updateWarningThreshold
src/data/seed-data.ts(596,9): error TS2353: Object literal may only specify known properties, and 'currency' does not exist in type 'PrepaidCommercialArrangement'.
src/features/agents/pages/AgentCatalogPage.test.tsx(16,25): error TS2739: Type 'LocalStorageRepository' is missing the following properties from type 'HiveRepository': listLedgerTransactions, getTokenBalance, getPrepaidSnapshot, addCreditGrant, updateWarningThreshold
src/features/agents/pages/AgentDetailPage.test.tsx(15,3): error TS2739: Type 'LocalStorageRepository' is missing the following properties from type 'HiveRepository': listLedgerTransactions, getTokenBalance, getPrepaidSnapshot, addCreditGrant, updateWarningThreshold
src/features/customers/pages/CustomerProfilePage.test.tsx(37,25): error TS2739: Type 'LocalStorageRepository' is missing the following properties from type 'HiveRepository': listLedgerTransactions, getTokenBalance, getPrepaidSnapshot, addCreditGrant, updateWarningThreshold
src/features/customers/pages/CustomerProfilePage.test.tsx(335,30): error TS2339: Property 'balanceCents' does not exist on type 'PrepaidCommercialArrangement'.
src/features/customers/pages/CustomerProfilePage.tsx(150,13): error TS2322: Type '{ customer: Customer; snapshot: CommercialSnapshot; prepaidSnapshot: PrepaidSnapshot; activeAgentCount: number; entitlements: FeatureEntitlement[]; onSetCommercial: () => void; }' is not assignable to type 'IntrinsicAttributes & { customer: Customer; snapshot: CommercialSnapshot; activeAgentCount: number; entitlements: FeatureEntitlement[]; onSetCommercial: () => void; }'.
  Property 'prepaidSnapshot' does not exist on type 'IntrinsicAttributes & { customer: Customer; snapshot: CommercialSnapshot; activeAgentCount: number; entitlements: FeatureEntitlement[]; onSetCommercial: () => void; }'.
src/features/customers/pages/CustomerProfilePage.tsx(160,13): error TS2322: Type '{ customer: Customer; snapshot: CommercialSnapshot; prepaidSnapshot: PrepaidSnapshot; activeGrantCount: number; onChanged: () => void; onChangeCommercial: () => void; onAddCredit: () => void; onEditThreshold: () => void; addCreditButtonRef: RefObject<...>; }' is not assignable to type 'IntrinsicAttributes & { customer: Customer; snapshot: CommercialSnapshot; activeGrantCount: number; onChanged: () => void; onChangeCommercial: () => void; }'.
  Property 'prepaidSnapshot' does not exist on type 'IntrinsicAttributes & { customer: Customer; snapshot: CommercialSnapshot; activeGrantCount: number; onChanged: () => void; onChangeCommercial: () => void; }'.
src/features/customers/pages/CustomerProfilePage.tsx(542,62): error TS2339: Property 'balanceCents' does not exist on type 'PrepaidCommercialArrangement'.
src/features/customers/pages/CustomerProfilePage.tsx(642,37): error TS2339: Property 'balanceCents' does not exist on type 'PrepaidCommercialArrangement'.
src/features/customers/pages/CustomersPage.test.tsx(16,27): error TS2739: Type 'LocalStorageRepository' is missing the following properties from type 'HiveRepository': listLedgerTransactions, getTokenBalance, getPrepaidSnapshot, addCreditGrant, updateWarningThreshold
src/test/render.tsx(13,25): error TS2739: Type 'LocalStorageRepository' is missing the following properties from type 'HiveRepository': listLedgerTransactions, getTokenBalance, getPrepaidSnapshot, addCreditGrant, updateWarningThreshold
